Archive member included to satisfy reference by file (symbol)

C:/ST/STM32CubeIDE_2.0.0/STM32CubeIDE/plugins/com.st.stm32cube.ide.mcu.externaltools.gnu-tools-for-stm32.13.3.rel1.win32_1.0.100.202509120712/tools/bin/../lib/gcc/arm-none-eabi/13.3.1/../../../../arm-none-eabi/lib/thumb/v6-m/nofp\libc_nano.a(libc_a-exit.o)
                              C:/ST/STM32CubeIDE_2.0.0/STM32CubeIDE/plugins/com.st.stm32cube.ide.mcu.externaltools.gnu-tools-for-stm32.13.3.rel1.win32_1.0.100.202509120712/tools/bin/../lib/gcc/arm-none-eabi/13.3.1/../../../../arm-none-eabi/lib/thumb/v6-m/nofp/crt0.o (exit)
C:/ST/STM32CubeIDE_2.0.0/STM32CubeIDE/plugins/com.st.stm32cube.ide.mcu.externaltools.gnu-tools-for-stm32.13.3.rel1.win32_1.0.100.202509120712/tools/bin/../lib/gcc/arm-none-eabi/13.3.1/../../../../arm-none-eabi/lib/thumb/v6-m/nofp\libc_nano.a(libc_a-findfp.o)
                              C:/ST/STM32CubeIDE_2.0.0/STM32CubeIDE/plugins/com.st.stm32cube.ide.mcu.externaltools.gnu-tools-for-stm32.13.3.rel1.win32_1.0.100.202509120712/tools/bin/../lib/gcc/arm-none-eabi/13.3.1/../../../../arm-none-eabi/lib/thumb/v6-m/nofp\libc_nano.a(libc_a-exit.o) (__stdio_exit_handler)
C:/ST/STM32CubeIDE_2.0.0/STM32CubeIDE/plugins/com.st.stm32cube.ide.mcu.externaltools.gnu-tools-for-stm32.13.3.rel1.win32_1.0.100.202509120712/tools/bin/../lib/gcc/arm-none-eabi/13.3.1/../../../../arm-none-eabi/lib/thumb/v6-m/nofp\libc_nano.a(libc_a-fwalk.o)
                              C:/ST/STM32CubeIDE_2.0.0/STM32CubeIDE/plugins/com.st.stm32cube.ide.mcu.externaltools.gnu-tools-for-stm32.13.3.rel1.win32_1.0.100.202509120712/tools/bin/../lib/gcc/arm-none-eabi/13.3.1/../../../../arm-none-eabi/lib/thumb/v6-m/nofp\libc_nano.a(libc_a-findfp.o) (_fwalk_sglue)
C:/ST/STM32CubeIDE_2.0.0/STM32CubeIDE/plugins/com.st.stm32cube.ide.mcu.externaltools.gnu-tools-for-stm32.13.3.rel1.win32_1.0.100.202509120712/tools/bin/../lib/gcc/arm-none-eabi/13.3.1/../../../../arm-none-eabi/lib/thumb/v6-m/nofp\libc_nano.a(libc_a-stdio.o)
                              C:/ST/STM32CubeIDE_2.0.0/STM32CubeIDE/plugins/com.st.stm32cube.ide.mcu.externaltools.gnu-tools-for-stm32.13.3.rel1.win32_1.0.100.202509120712/tools/bin/../lib/gcc/arm-none-eabi/13.3.1/../../../../arm-none-eabi/lib/thumb/v6-m/nofp\libc_nano.a(libc_a-findfp.o) (__sread)
C:/ST/STM32CubeIDE_2.0.0/STM32CubeIDE/plugins/com.st.stm32cube.ide.mcu.externaltools.gnu-tools-for-stm32.13.3.rel1.win32_1.0.100.202509120712/tools/bin/../lib/gcc/arm-none-eabi/13.3.1/../../../../arm-none-eabi/lib/thumb/v6-m/nofp\libc_nano.a(libc_a-memset.o)
                              C:/ST/STM32CubeIDE_2.0.0/STM32CubeIDE/plugins/com.st.stm32cube.ide.mcu.externaltools.gnu-tools-for-stm32.13.3.rel1.win32_1.0.100.202509120712/tools/bin/../lib/gcc/arm-none-eabi/13.3.1/../../../../arm-none-eabi/lib/thumb/v6-m/nofp/crt0.o (memset)
C:/ST/STM32CubeIDE_2.0.0/STM32CubeIDE/plugins/com.st.stm32cube.ide.mcu.externaltools.gnu-tools-for-stm32.13.3.rel1.win32_1.0.100.202509120712/tools/bin/../lib/gcc/arm-none-eabi/13.3.1/../../../../arm-none-eabi/lib/thumb/v6-m/nofp\libc_nano.a(libc_a-closer.o)
                              C:/ST/STM32CubeIDE_2.0.0/STM32CubeIDE/plugins/com.st.stm32cube.ide.mcu.externaltools.gnu-tools-for-stm32.13.3.rel1.win32_1.0.100.202509120712/tools/bin/../lib/gcc/arm-none-eabi/13.3.1/../../../../arm-none-eabi/lib/thumb/v6-m/nofp\libc_nano.a(libc_a-stdio.o) (_close_r)
C:/ST/STM32CubeIDE_2.0.0/STM32CubeIDE/plugins/com.st.stm32cube.ide.mcu.externaltools.gnu-tools-for-stm32.13.3.rel1.win32_1.0.100.202509120712/tools/bin/../lib/gcc/arm-none-eabi/13.3.1/../../../../arm-none-eabi/lib/thumb/v6-m/nofp\libc_nano.a(libc_a-reent.o)
                              C:/ST/STM32CubeIDE_2.0.0/STM32CubeIDE/plugins/com.st.stm32cube.ide.mcu.externaltools.gnu-tools-for-stm32.13.3.rel1.win32_1.0.100.202509120712/tools/bin/../lib/gcc/arm-none-eabi/13.3.1/../../../../arm-none-eabi/lib/thumb/v6-m/nofp\libc_nano.a(libc_a-closer.o) (errno)
C:/ST/STM32CubeIDE_2.0.0/STM32CubeIDE/plugins/com.st.stm32cube.ide.mcu.externaltools.gnu-tools-for-stm32.13.3.rel1.win32_1.0.100.202509120712/tools/bin/../lib/gcc/arm-none-eabi/13.3.1/../../../../arm-none-eabi/lib/thumb/v6-m/nofp\libc_nano.a(libc_a-impure.o)
                              C:/ST/STM32CubeIDE_2.0.0/STM32CubeIDE/plugins/com.st.stm32cube.ide.mcu.externaltools.gnu-tools-for-stm32.13.3.rel1.win32_1.0.100.202509120712/tools/bin/../lib/gcc/arm-none-eabi/13.3.1/../../../../arm-none-eabi/lib/thumb/v6-m/nofp\libc_nano.a(libc_a-reent.o) (_impure_ptr)
C:/ST/STM32CubeIDE_2.0.0/STM32CubeIDE/plugins/com.st.stm32cube.ide.mcu.externaltools.gnu-tools-for-stm32.13.3.rel1.win32_1.0.100.202509120712/tools/bin/../lib/gcc/arm-none-eabi/13.3.1/../../../../arm-none-eabi/lib/thumb/v6-m/nofp\libc_nano.a(libc_a-lseekr.o)
[...]
Memory Configuration

Name             Origin             Length             Attributes
RAM              0x20000000         0x0000a000         xrw
FLASH            0x08000000         0x00040000         xr
*default*        0x00000000         0xffffffff

Linker script and memory map

LOAD C:/ST/STM32CubeIDE_2.0.0/STM32CubeIDE/plugins/com.st.stm32cube.ide.mcu.externaltools.gnu-tools-for-stm32.13.3.rel1.win32_1.0.100.202509120712/tools/bin/../lib/gcc/arm-none-eabi/13.3.1/thumb/v6-m/nofp/crti.o
LOAD C:/ST/STM32CubeIDE_2.0.0/STM32CubeIDE/plugins/com.st.stm32cube.ide.mcu.externaltools.gnu-tools-for-stm32.13.3.rel1.win32_1.0.100.202509120712/tools/bin/../lib/gcc/arm-none-eabi/13.3.1/thumb/v6-m/nofp/crtbegin.o
LOAD C:/ST/STM32CubeIDE_2.0.0/STM32CubeIDE/plugins/com.st.stm32cube.ide.mcu.externaltools.gnu-tools-for-stm32.13.3.rel1.win32_1.0.100.202509120712/tools/bin/../lib/gcc/arm-none-eabi/13.3.1/../../../../arm-none-eabi/lib/thumb/v6-m/nofp/crt0.o
LOAD ./Drivers/STM32U0xx_HAL_Driver/Src/stm32u0xx_hal.o
LOAD ./Drivers/STM32U0xx_HAL_Driver/Src/stm32u0xx_hal_cortex.o
LOAD ./Drivers/STM32U0xx_HAL_Driver/Src/stm32u0xx_hal_dma.o
LOAD ./Drivers/STM32U0xx_HAL_Driver/Src/stm32u0xx_hal_dma_ex.o
LOAD ./Drivers/STM32U0xx_HAL_Driver/Src/stm32u0xx_hal_exti.o
LOAD ./Drivers/STM32U0xx_HAL_Driver/Src/stm32u0xx_hal_flash.o
LOAD ./Drivers/STM32U0xx_HAL_Driver/Src/stm32u0xx_hal_flash_ex.o
LOAD ./Drivers/STM32U0xx_HAL_Driver/Src/stm32u0xx_hal_gpio.o
LOAD ./Drivers/STM32U0xx_HAL_Driver/Src/stm32u0xx_hal_i2c.o
LOAD ./Drivers/STM32U0xx_HAL_Driver/Src/stm32u0xx_hal_i2c_ex.o
LOAD ./Drivers/STM32U0xx_HAL_Driver/Src/stm32u0xx_hal_pwr.o
LOAD ./Drivers/STM32U0xx_HAL_Driver/Src/stm32u0xx_hal_pwr_ex.o
LOAD ./Drivers/STM32U0xx_HAL_Driver/Src/stm32u0xx_hal_rcc.o
LOAD ./Drivers/STM32U0xx_HAL_Driver/Src/stm32u0xx_hal_rcc_ex.o
LOAD ./Drivers/STM32U0xx_HAL_Driver/Src/stm32u0xx_hal_rtc.o
LOAD ./Drivers/STM32U0xx_HAL_Driver/Src/stm32u0xx_hal_rtc_ex.o
LOAD ./Drivers/STM32U0xx_HAL_Driver/Src/stm32u0xx_ll_i2c.o
LOAD ./MyDrivers/RTC/RV3028.o
LOAD ./Src/main.o
LOAD ./Src/stm32u0xx_hal_msp.o
LOAD ./Src/stm32u0xx_it.o
LOAD ./Src/syscalls.o
LOAD ./Src/sysmem.o
LOAD ./Src/system_stm32u0xx.o
LOAD ./Startup/startup_stm32u073cctx.o
START GROUP
LOAD C:/ST/STM32CubeIDE_2.0.0/STM32CubeIDE/plugins/com.st.stm32cube.ide.mcu.externaltools.gnu-tools-for-stm32.13.3.rel1.win32_1.0.100.202509120712/tools/bin/../lib/gcc/arm-none-eabi/13.3.1/../../../../arm-none-eabi/lib/thumb/v6-m/nofp\libc_nano.a
LOAD C:/ST/STM32CubeIDE_2.0.0/STM32CubeIDE/plugins/com.st.stm32cube.ide.mcu.externaltools.gnu-tools-for-stm32.13.3.rel1.win32_1.0.100.202509120712/tools/bin/../lib/gcc/arm-none-eabi/13.3.1/../../../../arm-none-eabi/lib/thumb/v6-m/nofp\libm.a
END GROUP
START GROUP
LOAD C:/ST/STM32CubeIDE_2.0.0/STM32CubeIDE/plugins/com.st.stm32cube.ide.mcu.externaltools.gnu-tools-for-stm32.13.3.rel1.win32_1.0.100.202509120712/tools/bin/../lib/gcc/arm-none-eabi/13.3.1/thumb/v6-m/nofp\libgcc.a
LOAD C:/ST/STM32CubeIDE_2.0.0/STM32CubeIDE/plugins/com.st.stm32cube.ide.mcu.externaltools.gnu-tools-for-stm32.13.3.rel1.win32_1.0.100.202509120712/tools/bin/../lib/gcc/arm-none-eabi/13.3.1/../../../../arm-none-eabi/lib/thumb/v6-m/nofp\libc_nano.a
END GROUP
START GROUP
LOAD C:/ST/STM32CubeIDE_2.0.0/STM32CubeIDE/plugins/com.st.stm32cube.ide.mcu.externaltools.gnu-tools-for-stm32.13.3.rel1.win32_1.0.100.202509120712/tools/bin/../lib/gcc/arm-none-eabi/13.3.1/thumb/v6-m/nofp\libgcc.a
LOAD C:/ST/STM32CubeIDE_2.0.0/STM32CubeIDE/plugins/com.st.stm32cube.ide.mcu.externaltools.gnu-tools-for-stm32.13.3.rel1.win32_1.0.100.202509120712/tools/bin/../lib/gcc/arm-none-eabi/13.3.1/../../../../arm-none-eabi/lib/thumb/v6-m/nofp\libc_nano.a
LOAD C:/ST/STM32CubeIDE_2.0.0/STM32CubeIDE/plugins/com.st.stm32cube.ide.mcu.externaltools.gnu-tools-for-stm32.13.3.rel1.win32_1.0.100.202509120712/tools/bin/../lib/gcc/arm-none-eabi/13.3.1/../../../../arm-none-eabi/lib/thumb/v6-m/nofp\libnosys.a
END GROUP
START GROUP
LOAD C:/ST/STM32CubeIDE_2.0.0/STM32CubeIDE/plugins/com.st.stm32cube.ide.mcu.externaltools.gnu-tools-for-stm32.13.3.rel1.win32_1.0.100.202509120712/tools/bin/../lib/gcc/arm-none-eabi/13.3.1/thumb/v6-m/nofp\libgcc.a
LOAD C:/ST/STM32CubeIDE_2.0.0/STM32CubeIDE/plugins/com.st.stm32cube.ide.mcu.externaltools.gnu-tools-for-stm32.13.3.rel1.win32_1.0.100.202509120712/tools/bin/../lib/gcc/arm-none-eabi/13.3.1/../../../../arm-none-eabi/lib/thumb/v6-m/nofp\libc_nano.a
LOAD C:/ST/STM32CubeIDE_2.0.0/STM32CubeIDE/plugins/com.st.stm32cube.ide.mcu.externaltools.gnu-tools-for-stm32.13.3.rel1.win32_1.0.100.202509120712/tools/bin/../lib/gcc/arm-none-eabi/13.3.1/../../../../arm-none-eabi/lib/thumb/v6-m/nofp\libnosys.a
END GROUP
LOAD C:/ST/STM32CubeIDE_2.0.0/STM32CubeIDE/plugins/com.st.stm32cube.ide.mcu.externaltools.gnu-tools-for-stm32.13.3.rel1.win32_1.0.100.202509120712/tools/bin/../lib/gcc/arm-none-eabi/13.3.1/thumb/v6-m/nofp/crtend.o
LOAD C:/ST/STM32CubeIDE_2.0.0/STM32CubeIDE/plugins/com.st.stm32cube.ide.mcu.externaltools.gnu-tools-for-stm32.13.3.rel1.win32_1.0.100.202509120712/tools/bin/../lib/gcc/arm-none-eabi/13.3.1/thumb/v6-m/nofp/crtn.o
                0x2000a000                        _estack = (ORIGIN (RAM) + LENGTH (RAM))
                0x00000200                        _Min_Heap_Size = 0x200
                0x00000400                        _Min_Stack_Size = 0x400

.isr_vector     0x08000000       0xc0
                0x08000000                        . = ALIGN (0x4)
 *(.isr_vector)
 .isr_vector    0x08000000       0xc0 ./Startup/startup_stm32u073cctx.o
                0x08000000                g_pfnVectors
                0x080000c0                        . = ALIGN (0x4)

.text           0x080000c0     0x30bc
                0x080000c0                        . = ALIGN (0x4)
 *(.text)
 .text          0x080000c0       0x48 C:/ST/STM32CubeIDE_2.0.0/STM32CubeIDE/plugins/com.st.stm32cube.ide.mcu.externaltools.gnu-tools-for-stm32.13.3.rel1.win32_1.0.100.202509120712/tools/bin/../lib/gcc/arm-none-eabi/13.3.1/thumb/v6-m/nofp/crtbegin.o
 .text          0x08000108      0x114 C:/ST/STM32CubeIDE_2.0.0/STM32CubeIDE/plugins/com.st.stm32cube.ide.mcu.externaltools.gnu-tools-for-stm32.13.3.rel1.win32_1.0.100.202509120712/tools/bin/../lib/gcc/arm-none-eabi/13.3.1/thumb/v6-m/nofp\libgcc.a(_udivsi3.o)
                0x08000108                __aeabi_uidiv
                0x08000108                __udivsi3
                0x08000214                __aeabi_uidivmod
 .text          0x0800021c        0x4 C:/ST/STM32CubeIDE_2.0.0/STM32CubeIDE/plugins/com.st.stm32cube.ide.mcu.externaltools.gnu-tools-for-stm32.13.3.rel1.win32_1.0.100.202509120712/tools/bin/../lib/gcc/arm-none-eabi/13.3.1/thumb/v6-m/nofp\libgcc.a(_dvmd_tls.o)
                0x0800021c                __aeabi_idiv0
                0x0800021c                __aeabi_ldiv0
 *(.text*)
 .text.HAL_Init
                0x08000220       0x2e ./Drivers/STM32U0xx_HAL_Driver/Src/stm32u0xx_hal.o
                0x08000220                HAL_Init
 *fill*         0x0800024e        0x2 
 .text.HAL_InitTick
                0x08000250       0x94 ./Drivers/STM32U0xx_HAL_Driver/Src/stm32u0xx_hal.o
                0x08000250                HAL_InitTick
 .text.HAL_IncTick
                0x080002e4       0x24 ./Drivers/STM32U0xx_HAL_Driver/Src/stm32u0xx_hal.o
                0x080002e4                HAL_IncTick
 .text.HAL_GetTick
                0x08000308       0x14 ./Drivers/STM32U0xx_HAL_Driver/Src/stm32u0xx_hal.o
                0x08000308                HAL_GetTick
 .text.HAL_Delay
                0x0800031c       0x48 ./Drivers/STM32U0xx_HAL_Driver/Src/stm32u0xx_hal.o
                0x0800031c                HAL_Delay
 .text.HAL_DBGMCU_EnableDBGStandbyMode
                0x08000364       0x1c ./Drivers/STM32U0xx_HAL_Driver/Src/stm32u0xx_hal.o
                0x08000364                HAL_DBGMCU_EnableDBGStandbyMode
 .text.__NVIC_SetPriority
                0x08000380       0xdc ./Drivers/STM32U0xx_HAL_Driver/Src/stm32u0xx_hal_cortex.o
 .text.SysTick_Config
                0x0800045c       0x48 ./Drivers/STM32U0xx_HAL_Driver/Src/stm32u0xx_hal_cortex.o
 .text.HAL_NVIC_SetPriority
                0x080004a4       0x2a ./Drivers/STM32U0xx_HAL_Driver/Src/stm32u0xx_hal_cortex.o
                0x080004a4                HAL_NVIC_SetPriority
 .text.HAL_SYSTICK_Config
                0x080004ce       0x1a ./Drivers/STM32U0xx_HAL_Driver/Src/stm32u0xx_hal_cortex.o
                0x080004ce                HAL_SYSTICK_Config
 .text.HAL_GPIO_Init
                0x080004e8      0x2e8 ./Drivers/STM32U0xx_HAL_Driver/Src/stm32u0xx_hal_gpio.o
                0x080004e8                HAL_GPIO_Init
 .text.HAL_I2C_Init
                0x080007d0      0x14c ./Drivers/STM32U0xx_HAL_Driver/Src/stm32u0xx_hal_i2c.o
                0x080007d0                HAL_I2C_Init
 .text.HAL_I2C_Mem_Write
                0x0800091c      0x25c ./Drivers/STM32U0xx_HAL_Driver/Src/stm32u0xx_hal_i2c.o
                0x0800091c                HAL_I2C_Mem_Write
 .text.HAL_I2C_Mem_Read
                0x08000b78      0x268 ./Drivers/STM32U0xx_HAL_Driver/Src/stm32u0xx_hal_i2c.o
                0x08000b78                HAL_I2C_Mem_Read
 .text.I2C_RequestMemoryWrite
                0x08000de0       0xc8 ./Drivers/STM32U0xx_HAL_Driver/Src/stm32u0xx_hal_i2c.o
 .text.I2C_RequestMemoryRead
                0x08000ea8       0xc4 ./Drivers/STM32U0xx_HAL_Driver/Src/stm32u0xx_hal_i2c.o
 .text.I2C_Flush_TXDR
                0x08000f6c       0x44 ./Drivers/STM32U0xx_HAL_Driver/Src/stm32u0xx_hal_i2c.o
 .text.I2C_WaitOnFlagUntilTimeout
                0x08000fb0       0xb0 ./Drivers/STM32U0xx_HAL_Driver/Src/stm32u0xx_hal_i2c.o
 .text.I2C_WaitOnTXISFlagUntilTimeout
                0x08001060       0x8c ./Drivers/STM32U0xx_HAL_Driver/Src/stm32u0xx_hal_i2c.o
 .text.I2C_WaitOnSTOPFlagUntilTimeout
                0x080010ec       0x86 ./Drivers/STM32U0xx_HAL_Driver/Src/stm32u0xx_hal_i2c.o
 *fill*         0x08001172        0x2 
 .text.I2C_IsErrorOccurred
                0x08001174      0x1f0 ./Drivers/STM32U0xx_HAL_Driver/Src/stm32u0xx_hal_i2c.o
 .text.I2C_TransferConfig
                0x08001364       0x74 ./Drivers/STM32U0xx_HAL_Driver/Src/stm32u0xx_hal_i2c.o
 .text.HAL_I2CEx_ConfigAnalogFilter
                0x080013d8       0x98 ./Drivers/STM32U0xx_HAL_Driver/Src/stm32u0xx_hal_i2c_ex.o
                0x080013d8                HAL_I2CEx_ConfigAnalogFilter
 .text.HAL_I2CEx_ConfigDigitalFilter
                0x08001470       0x98 ./Drivers/STM32U0xx_HAL_Driver/Src/stm32u0xx_hal_i2c_ex.o
                0x08001470                HAL_I2CEx_ConfigDigitalFilter
 .text.HAL_PWR_EnableBkUpAccess
                0x08001508       0x1c ./Drivers/STM32U0xx_HAL_Driver/Src/stm32u0xx_hal_pwr.o
                0x08001508                HAL_PWR_EnableBkUpAccess
 .text.HAL_PWR_DisableBkUpAccess
                0x08001524       0x20 ./Drivers/STM32U0xx_HAL_Driver/Src/stm32u0xx_hal_pwr.o
                0x08001524                HAL_PWR_DisableBkUpAccess
 .text.HAL_PWR_EnableWakeUpPin
                0x08001544       0x40 ./Drivers/STM32U0xx_HAL_Driver/Src/stm32u0xx_hal_pwr.o
                0x08001544                HAL_PWR_EnableWakeUpPin
 .text.HAL_PWR_EnterSHUTDOWNMode
                0x08001584       0x34 ./Drivers/STM32U0xx_HAL_Driver/Src/stm32u0xx_hal_pwr.o
                0x08001584                HAL_PWR_EnterSHUTDOWNMode
 .text.HAL_PWREx_ControlVoltageScaling
                0x080015b8       0xc0 ./Drivers/STM32U0xx_HAL_Driver/Src/stm32u0xx_hal_pwr_ex.o
                0x080015b8                HAL_PWREx_ControlVoltageScaling
 .text.HAL_PWREx_GetVoltageRange
                0x08001678       0x18 ./Drivers/STM32U0xx_HAL_Driver/Src/stm32u0xx_hal_pwr_ex.o
                0x08001678                HAL_PWREx_GetVoltageRange
 .text.HAL_RCC_OscConfig
                0x08001690      0x854 ./Drivers/STM32U0xx_HAL_Driver/Src/stm32u0xx_hal_rcc.o
                0x08001690                HAL_RCC_OscConfig
 .text.HAL_RCC_ClockConfig
                0x08001ee4      0x1d8 ./Drivers/STM32U0xx_HAL_Driver/Src/stm32u0xx_hal_rcc.o
                0x08001ee4                HAL_RCC_ClockConfig
 .text.HAL_RCC_GetSysClockFreq
                0x080020bc      0x138 ./Drivers/STM32U0xx_HAL_Driver/Src/stm32u0xx_hal_rcc.o
                0x080020bc                HAL_RCC_GetSysClockFreq
 .text.RCC_SetFlashLatencyFromMSIRange
                0x080021f4       0xd8 ./Drivers/STM32U0xx_HAL_Driver/Src/stm32u0xx_hal_rcc.o
 .text.HAL_RCCEx_PeriphCLKConfig
                0x080022cc      0x44c ./Drivers/STM32U0xx_HAL_Driver/Src/stm32u0xx_hal_rcc_ex.o
                0x080022cc                HAL_RCCEx_PeriphCLKConfig
 .text.HAL_RTC_Init
                0x08002718      0x14c ./Drivers/STM32U0xx_HAL_Driver/Src/stm32u0xx_hal_rtc.o
                0x08002718                HAL_RTC_Init
 .text.HAL_RTC_WaitForSynchro
                0x08002864       0x4c ./Drivers/STM32U0xx_HAL_Driver/Src/stm32u0xx_hal_rtc.o
                0x08002864                HAL_RTC_WaitForSynchro
 .text.RTC_EnterInitMode
                0x080028b0       0x58 ./Drivers/STM32U0xx_HAL_Driver/Src/stm32u0xx_hal_rtc.o
                0x080028b0                RTC_EnterInitMode
 .text.HAL_RTCEx_BKUPWrite
                0x08002908       0x2c ./Drivers/STM32U0xx_HAL_Driver/Src/stm32u0xx_hal_rtc_ex.o
                0x08002908                HAL_RTCEx_BKUPWrite
 .text.HAL_RTCEx_BKUPRead
                0x08002934       0x28 ./Drivers/STM32U0xx_HAL_Driver/Src/stm32u0xx_hal_rtc_ex.o
                0x08002934                HAL_RTCEx_BKUPRead
 .text.RTC_set_register_value
                0x0800295c       0x4c ./MyDrivers/RTC/RV3028.o
                0x0800295c                RTC_set_register_value
 .text.RTC_read_register_value
                0x080029a8       0x4e ./MyDrivers/RTC/RV3028.o
                0x080029a8                RTC_read_register_value
 .text.RTC_handle_interrupt
                0x080029f6       0x26 ./MyDrivers/RTC/RV3028.o
                0x080029f6                RTC_handle_interrupt
 .text.RTC_init
                0x08002a1c       0xd0 ./MyDrivers/RTC/RV3028.o
                0x08002a1c                RTC_init
 .text.main     0x08002aec      0x124 ./Src/main.o
                0x08002aec                main
 .text.SystemClock_Config
                0x08002c10       0x90 ./Src/main.o
                0x08002c10                SystemClock_Config
 .text.MX_I2C1_Init
                0x08002ca0       0x80 ./Src/main.o
 .text.MX_RTC_Init
                0x08002d20       0x60 ./Src/main.o
 .text.MX_GPIO_Init
                0x08002d80      0x114 ./Src/main.o
 .text.Error_Handler
                0x08002e94        0xc ./Src/main.o
                0x08002e94                Error_Handler
 .text.HAL_MspInit
                0x08002ea0       0x48 ./Src/stm32u0xx_hal_msp.o
                0x08002ea0                HAL_MspInit
 .text.HAL_I2C_MspInit
                0x08002ee8       0xc4 ./Src/stm32u0xx_hal_msp.o
                0x08002ee8                HAL_I2C_MspInit
 .text.HAL_RTC_MspInit
                0x08002fac       0x80 ./Src/stm32u0xx_hal_msp.o
                0x08002fac                HAL_RTC_MspInit
 .text.NMI_Handler
                0x0800302c        0x8 ./Src/stm32u0xx_it.o
                0x0800302c                NMI_Handler
 .text.HardFault_Handler
                0x08003034        0x8 ./Src/stm32u0xx_it.o
                0x08003034                HardFault_Handler
 .text.SVC_Handler
                0x0800303c        0xa ./Src/stm32u0xx_it.o
                0x0800303c                SVC_Handler
 .text.PendSV_Handler
                0x08003046        0xa ./Src/stm32u0xx_it.o
                0x08003046                PendSV_Handler
 .text.SysTick_Handler
                0x08003050        0xe ./Src/stm32u0xx_it.o
                0x08003050                SysTick_Handler
 *fill*         0x0800305e        0x2 
 .text.SystemInit
                0x08003060       0x58 ./Src/system_stm32u0xx.o
                0x08003060                SystemInit
 .text.Reset_Handler
                0x080030b8       0x50 ./Startup/startup_stm32u073cctx.o
                0x080030b8                Reset_Handler
 .text.Default_Handler
                0x08003108        0x2 ./Startup/startup_stm32u073cctx.o
                0x08003108                WWDG_IWDG_IRQHandler
                0x08003108                DMA1_Ch4_7_DMA2_Ch1_5_DMAMUX_OVR_IRQHandler
                0x08003108                TIM1_CC_IRQHandler
                0x08003108                TSC_IRQHandler
                0x08003108                USB_DRD_FS_IRQHandler
                0x08003108                I2C1_IRQHandler
                0x08003108                TIM7_LPTIM2_IRQHandler
                0x08003108                RCC_CRS_IRQHandler
                0x08003108                RTC_TAMP_IRQHandler
                0x08003108                I2C2_3_4_IRQHandler
                0x08003108                SPI1_IRQHandler
                0x08003108                EXTI2_3_IRQHandler
                0x08003108                USART2_LPUART2_IRQHandler
                0x08003108                LCD_IRQHandler
                0x08003108                TIM16_IRQHandler
                0x08003108                TIM3_IRQHandler
                0x08003108                EXTI4_15_IRQHandler
                0x08003108                DMA1_Channel1_IRQHandler
                0x08003108                Default_Handler
                0x08003108                TIM15_LPTIM3_IRQHandler
                0x08003108                EXTI0_1_IRQHandler
                0x08003108                SPI2_3_IRQHandler
                0x08003108                ADC_COMP1_2_IRQHandler
                0x08003108                PVD_PVM_IRQHandler
                0x08003108                TIM6_DAC_LPTIM1_IRQHandler
                0x08003108                TIM2_IRQHandler
                0x08003108                DMA1_Channel2_3_IRQHandler
                0x08003108                USART4_LPUART3_IRQHandler
                0x08003108                FLASH_ECC_IRQHandler
                0x08003108                USART3_LPUART1_IRQHandler
                0x08003108                USART1_IRQHandler
                0x08003108                TIM1_BRK_UP_TRG_COM_IRQHandler
                0x08003108                RNG_CRYP_IRQHandler
 .text.memset   0x0800310a       0x10 C:/ST/STM32CubeIDE_2.0.0/STM32CubeIDE/plugins/com.st.stm32cube.ide.mcu.externaltools.gnu-tools-for-stm32.13.3.rel1.win32_1.0.100.202509120712/tools/bin/../lib/gcc/arm-none-eabi/13.3.1/../../../../arm-none-eabi/lib/thumb/v6-m/nofp\libc_nano.a(libc_a-memset.o)
                0x0800310a                memset
 *fill*         0x0800311a        0x2 
 .text.__libc_init_array
                0x0800311c       0x48 C:/ST/STM32CubeIDE_2.0.0/STM32CubeIDE/plugins/com.st.stm32cube.ide.mcu.externaltools.gnu-tools-for-stm32.13.3.rel1.win32_1.0.100.202509120712/tools/bin/../lib/gcc/arm-none-eabi/13.3.1/../../../../arm-none-eabi/lib/thumb/v6-m/nofp\libc_nano.a(libc_a-init.o)
                0x0800311c                __libc_init_array
 *(.glue_7)
 .glue_7        0x08003164        0x0 linker stubs
 *(.glue_7t)
 .glue_7t       0x08003164        0x0 linker stubs
 *(.eh_frame)
 .eh_frame      0x08003164        0x0 C:/ST/STM32CubeIDE_2.0.0/STM32CubeIDE/plugins/com.st.stm32cube.ide.mcu.externaltools.gnu-tools-for-stm32.13.3.rel1.win32_1.0.100.202509120712/tools/bin/../lib/gcc/arm-none-eabi/13.3.1/thumb/v6-m/nofp/crtbegin.o
 *(.init)
 .init          0x08003164        0x4 C:/ST/STM32CubeIDE_2.0.0/STM32CubeIDE/plugins/com.st.stm32cube.ide.mcu.externaltools.gnu-tools-for-stm32.13.3.rel1.win32_1.0.100.202509120712/tools/bin/../lib/gcc/arm-none-eabi/13.3.1/thumb/v6-m/nofp/crti.o
                0x08003164                _init
 .init          0x08003168        0x8 C:/ST/STM32CubeIDE_2.0.0/STM32CubeIDE/plugins/com.st.stm32cube.ide.mcu.externaltools.gnu-tools-for-stm32.13.3.rel1.win32_1.0.100.202509120712/tools/bin/../lib/gcc/arm-none-eabi/13.3.1/thumb/v6-m/nofp/crtn.o
 *(.fini)
 .fini          0x08003170        0x4 C:/ST/STM32CubeIDE_2.0.0/STM32CubeIDE/plugins/com.st.stm32cube.ide.mcu.externaltools.gnu-tools-for-stm32.13.3.rel1.win32_1.0.100.202509120712/tools/bin/../lib/gcc/arm-none-eabi/13.3.1/thumb/v6-m/nofp/crti.o
                0x08003170                _fini
 .fini          0x08003174        0x8 C:/ST/STM32CubeIDE_2.0.0/STM32CubeIDE/plugins/com.st.stm32cube.ide.mcu.externaltools.gnu-tools-for-stm32.13.3.rel1.win32_1.0.100.202509120712/tools/bin/../lib/gcc/arm-none-eabi/13.3.1/thumb/v6-m/nofp/crtn.o
                0x0800317c                        . = ALIGN (0x4)
                0x0800317c                        _etext = .

.vfp11_veneer   0x0800317c        0x0
 .vfp11_veneer  0x0800317c        0x0 linker stubs

.v4_bx          0x0800317c        0x0
 .v4_bx         0x0800317c        0x0 linker stubs

.iplt           0x0800317c        0x0
 .iplt          0x0800317c        0x0 C:/ST/STM32CubeIDE_2.0.0/STM32CubeIDE/plugins/com.st.stm32cube.ide.mcu.externaltools.gnu-tools-for-stm32.13.3.rel1.win32_1.0.100.202509120712/tools/bin/../lib/gcc/arm-none-eabi/13.3.1/thumb/v6-m/nofp/crtbegin.o

.rodata         0x0800317c       0x48
                0x0800317c                        . = ALIGN (0x4)
 *(.rodata)
 .rodata        0x0800317c        0x7 ./Src/main.o
 *(.rodata*)
 *fill*         0x08003183        0x1 
 .rodata.AHBPrescTable
                0x08003184       0x10 ./Src/system_stm32u0xx.o
                0x08003184                AHBPrescTable
 .rodata.MSIRangeTable
                0x08003194       0x30 ./Src/system_stm32u0xx.o
                0x08003194                MSIRangeTable
                0x080031c4                        . = ALIGN (0x4)

.ARM.extab      0x080031c4        0x0
                0x080031c4                        . = ALIGN (0x4)
 *(.ARM.extab* .gnu.linkonce.armextab.*)
                0x080031c4                        . = ALIGN (0x4)

.ARM            0x080031c4        0x0
                0x080031c4                        . = ALIGN (0x4)
                0x080031c4                        __exidx_start = .
 *(.ARM.exidx*)
                0x080031c4                        __exidx_end = .
                0x080031c4                        . = ALIGN (0x4)

.preinit_array  0x080031c4        0x0
                0x080031c4                        . = ALIGN (0x4)
                0x080031c4                        PROVIDE (__preinit_array_start = .)
 *(.preinit_array*)
                0x080031c4                        PROVIDE (__preinit_array_end = .)
                0x080031c4                        . = ALIGN (0x4)

.init_array     0x080031c4        0x4
                0x080031c4                        . = ALIGN (0x4)
                0x080031c4                        PROVIDE (__init_array_start = .)
 *(SORT_BY_NAME(.init_array.*))
 *(.init_array*)
 .init_array    0x080031c4        0x4 C:/ST/STM32CubeIDE_2.0.0/STM32CubeIDE/plugins/com.st.stm32cube.ide.mcu.externaltools.gnu-tools-for-stm32.13.3.rel1.win32_1.0.100.202509120712/tools/bin/../lib/gcc/arm-none-eabi/13.3.1/thumb/v6-m/nofp/crtbegin.o
                0x080031c8                        PROVIDE (__init_array_end = .)
                0x080031c8                        . = ALIGN (0x4)

.fini_array     0x080031c8        0x4
                0x080031c8                        . = ALIGN (0x4)
                [!provide]                        PROVIDE (__fini_array_start = .)
 *(SORT_BY_NAME(.fini_array.*))
 *(.fini_array*)
 .fini_array    0x080031c8        0x4 C:/ST/STM32CubeIDE_2.0.0/STM32CubeIDE/plugins/com.st.stm32cube.ide.mcu.externaltools.gnu-tools-for-stm32.13.3.rel1.win32_1.0.100.202509120712/tools/bin/../lib/gcc/arm-none-eabi/13.3.1/thumb/v6-m/nofp/crtbegin.o
                [!provide]                        PROVIDE (__fini_array_end = .)
                0x080031cc                        . = ALIGN (0x4)
                0x080031cc                        _sidata = LOADADDR (.data)

.rel.dyn        0x080031cc        0x0
 .rel.iplt      0x080031cc        0x0 C:/ST/STM32CubeIDE_2.0.0/STM32CubeIDE/plugins/com.st.stm32cube.ide.mcu.externaltools.gnu-tools-for-stm32.13.3.rel1.win32_1.0.100.202509120712/tools/bin/../lib/gcc/arm-none-eabi/13.3.1/thumb/v6-m/nofp/crtbegin.o

.data           0x20000000        0xc load address 0x080031cc
                0x20000000                        . = ALIGN (0x4)
                0x20000000                        _sdata = .
 *(.data)
 *(.data*)
 .data.uwTickPrio
                0x20000000        0x4 ./Drivers/STM32U0xx_HAL_Driver/Src/stm32u0xx_hal.o
                0x20000000                uwTickPrio
 .data.uwTickFreq
                0x20000004        0x1 ./Drivers/STM32U0xx_HAL_Driver/Src/stm32u0xx_hal.o
                0x20000004                uwTickFreq
 *fill*         0x20000005        0x3 
 .data.SystemCoreClock
                0x20000008        0x4 ./Src/system_stm32u0xx.o
                0x20000008                SystemCoreClock
 *(.RamFunc)
 *(.RamFunc*)
                0x2000000c                        . = ALIGN (0x4)
                0x2000000c                        _edata = .

.igot.plt       0x2000000c        0x0 load address 0x080031d8
 .igot.plt      0x2000000c        0x0 C:/ST/STM32CubeIDE_2.0.0/STM32CubeIDE/plugins/com.st.stm32cube.ide.mcu.externaltools.gnu-tools-for-stm32.13.3.rel1.win32_1.0.100.202509120712/tools/bin/../lib/gcc/arm-none-eabi/13.3.1/thumb/v6-m/nofp/crtbegin.o
                0x2000000c                        . = ALIGN (0x4)

.bss            0x2000000c       0xa4 load address 0x080031d8
                0x2000000c                        _sbss = .
                0x2000000c                        __bss_start__ = _sbss
 *(.bss)
 .bss           0x2000000c       0x1c C:/ST/STM32CubeIDE_2.0.0/STM32CubeIDE/plugins/com.st.stm32cube.ide.mcu.externaltools.gnu-tools-for-stm32.13.3.rel1.win32_1.0.100.202509120712/tools/bin/../lib/gcc/arm-none-eabi/13.3.1/thumb/v6-m/nofp/crtbegin.o
 *(.bss*)
 .bss.uwTick    0x20000028        0x4 ./Drivers/STM32U0xx_HAL_Driver/Src/stm32u0xx_hal.o
                0x20000028                uwTick
 .bss.hi2c1     0x2000002c       0x54 ./Src/main.o
                0x2000002c                hi2c1
 .bss.hrtc      0x20000080       0x30 ./Src/main.o
                0x20000080                hrtc
 *(COMMON)
                0x200000b0                        . = ALIGN (0x4)
                0x200000b0                        _ebss = .
                0x200000b0                        __bss_end__ = _ebss

._user_heap_stack
                0x200000b0      0x600 load address 0x080031d8
                0x200000b0                        . = ALIGN (0x8)
                [!provide]                        PROVIDE (end = .)
                0x200000b0                        PROVIDE (_end = .)
                0x200002b0                        . = (. + _Min_Heap_Size)
 *fill*         0x200000b0      0x200 
                0x200006b0                        . = (. + _Min_Stack_Size)
 *fill*         0x200002b0      0x400 
                0x200006b0                        . = ALIGN (0x8)

/DISCARD/
 libc.a(*)
 libm.a(*)
 libgcc.a(*)

.ARM.attributes
                0x00000000       0x28
 *(.ARM.attributes)
 .ARM.attributes
                0x00000000       0x1e C:/ST/STM32CubeIDE_2.0.0/STM32CubeIDE/plugins/com.st.stm32cube.ide.mcu.externaltools.gnu-tools-for-stm32.13.3.rel1.win32_1.0.100.202509120712/tools/bin/../lib/gcc/arm-none-eabi/13.3.1/thumb/v6-m/nofp/crti.o
 .ARM.attributes
                0x0000001e       0x2c C:/ST/STM32CubeIDE_2.0.0/STM32CubeIDE/plugins/com.st.stm32cube.ide.mcu.externaltools.gnu-tools-for-stm32.13.3.rel1.win32_1.0.100.202509120712/tools/bin/../lib/gcc/arm-none-eabi/13.3.1/thumb/v6-m/nofp/crtbegin.o
 .ARM.attributes
                0x0000004a       0x2c ./Drivers/STM32U0xx_HAL_Driver/Src/stm32u0xx_hal.o
 .ARM.attributes
                0x00000076       0x2c ./Drivers/STM32U0xx_HAL_Driver/Src/stm32u0xx_hal_cortex.o
 .ARM.attributes
                0x000000a2       0x2c ./Drivers/STM32U0xx_HAL_Driver/Src/stm32u0xx_hal_gpio.o
 .ARM.attributes
                0x000000ce       0x2c ./Drivers/STM32U0xx_HAL_Driver/Src/stm32u0xx_hal_i2c.o
 .ARM.attributes
                0x000000fa       0x2c ./Drivers/STM32U0xx_HAL_Driver/Src/stm32u0xx_hal_i2c_ex.o
 .ARM.attributes
                0x00000126       0x2c ./Drivers/STM32U0xx_HAL_Driver/Src/stm32u0xx_hal_pwr.o
 .ARM.attributes
                0x00000152       0x2c ./Drivers/STM32U0xx_HAL_Driver/Src/stm32u0xx_hal_pwr_ex.o
 .ARM.attributes
                0x0000017e       0x2c ./Drivers/STM32U0xx_HAL_Driver/Src/stm32u0xx_hal_rcc.o
 .ARM.attributes
                0x000001aa       0x2c ./Drivers/STM32U0xx_HAL_Driver/Src/stm32u0xx_hal_rcc_ex.o
 .ARM.attributes
                0x000001d6       0x2c ./Drivers/STM32U0xx_HAL_Driver/Src/stm32u0xx_hal_rtc.o
 .ARM.attributes
                0x00000202       0x2c ./Drivers/STM32U0xx_HAL_Driver/Src/stm32u0xx_hal_rtc_ex.o
 .ARM.attributes
                0x0000022e       0x2c ./MyDrivers/RTC/RV3028.o
 .ARM.attributes
                0x0000025a       0x2c ./Src/main.o
 .ARM.attributes
                0x00000286       0x2c ./Src/stm32u0xx_hal_msp.o
 .ARM.attributes
                0x000002b2       0x2c ./Src/stm32u0xx_it.o
 .ARM.attributes
                0x000002de       0x2c ./Src/system_stm32u0xx.o
 .ARM.attributes
                0x0000030a       0x22 ./Startup/startup_stm32u073cctx.o
 .ARM.attributes
                0x0000032c       0x2c C:/ST/STM32CubeIDE_2.0.0/STM32CubeIDE/plugins/com.st.stm32cube.ide.mcu.externaltools.gnu-tools-for-stm32.13.3.rel1.win32_1.0.100.202509120712/tools/bin/../lib/gcc/arm-none-eabi/13.3.1/../../../../arm-none-eabi/lib/thumb/v6-m/nofp\libc_nano.a(libc_a-memset.o)
 .ARM.attributes
                0x00000358       0x2c C:/ST/STM32CubeIDE_2.0.0/STM32CubeIDE/plugins/com.st.stm32cube.ide.mcu.externaltools.gnu-tools-for-stm32.13.3.rel1.win32_1.0.100.202509120712/tools/bin/../lib/gcc/arm-none-eabi/13.3.1/../../../../arm-none-eabi/lib/thumb/v6-m/nofp\libc_nano.a(libc_a-init.o)
 .ARM.attributes
                0x00000384       0x1e C:/ST/STM32CubeIDE_2.0.0/STM32CubeIDE/plugins/com.st.stm32cube.ide.mcu.externaltools.gnu-tools-for-stm32.13.3.rel1.win32_1.0.100.202509120712/tools/bin/../lib/gcc/arm-none-eabi/13.3.1/thumb/v6-m/nofp\libgcc.a(_udivsi3.o)
 .ARM.attributes
                0x000003a2       0x1e C:/ST/STM32CubeIDE_2.0.0/STM32CubeIDE/plugins/com.st.stm32cube.ide.mcu.externaltools.gnu-tools-for-stm32.13.3.rel1.win32_1.0.100.202509120712/tools/bin/../lib/gcc/arm-none-eabi/13.3.1/thumb/v6-m/nofp\libgcc.a(_dvmd_tls.o)
 .ARM.attributes
                0x000003c0       0x1e C:/ST/STM32CubeIDE_2.0.0/STM32CubeIDE/plugins/com.st.stm32cube.ide.mcu.externaltools.gnu-tools-for-stm32.13.3.rel1.win32_1.0.100.202509120712/tools/bin/../lib/gcc/arm-none-eabi/13.3.1/thumb/v6-m/nofp/crtn.o
OUTPUT(u0-RTC.elf elf32-littlearm)
LOAD linker stubs
LOAD C:/ST/STM32CubeIDE_2.0.0/STM32CubeIDE/plugins/com.st.stm32cube.ide.mcu.externaltools.gnu-tools-for-stm32.13.3.rel1.win32_1.0.100.202509120712/tools/bin/../lib/gcc/arm-none-eabi/13.3.1/../../../../arm-none-eabi/lib/thumb/v6-m/nofp\libc.a
LOAD C:/ST/STM32CubeIDE_2.0.0/STM32CubeIDE/plugins/com.st.stm32cube.ide.mcu.externaltools.gnu-tools-for-stm32.13.3.rel1.win32_1.0.100.202509120712/tools/bin/../lib/gcc/arm-none-eabi/13.3.1/../../../../arm-none-eabi/lib/thumb/v6-m/nofp\libm.a
LOAD C:/ST/STM32CubeIDE_2.0.0/STM32CubeIDE/plugins/com.st.stm32cube.ide.mcu.externaltools.gnu-tools-for-stm32.13.3.rel1.win32_1.0.100.202509120712/tools/bin/../lib/gcc/arm-none-eabi/13.3.1/thumb/v6-m/nofp\libgcc.a

.debug_info     0x00000000     0xc2af
 .debug_info    0x00000000      0xaa9 ./Drivers/STM32U0xx_HAL_Driver/Src/stm32u0xx_hal.o
 .debug_info    0x00000aa9      0x8ef ./Drivers/STM32U0xx_HAL_Driver/Src/stm32u0xx_hal_cortex.o
 .debug_info    0x00001398      0x590 ./Drivers/STM32U0xx_HAL_Driver/Src/stm32u0xx_hal_gpio.o
 .debug_info    0x00001928     0x21ef ./Drivers/STM32U0xx_HAL_Driver/Src/stm32u0xx_hal_i2c.o
 .debug_info    0x00003b17      0x819 ./Drivers/STM32U0xx_HAL_Driver/Src/stm32u0xx_hal_i2c_ex.o
 .debug_info    0x00004330      0x819 ./Drivers/STM32U0xx_HAL_Driver/Src/stm32u0xx_hal_pwr.o
 .debug_info    0x00004b49      0x855 ./Drivers/STM32U0xx_HAL_Driver/Src/stm32u0xx_hal_pwr_ex.o
 .debug_info    0x0000539e      0xc37 ./Drivers/STM32U0xx_HAL_Driver/Src/stm32u0xx_hal_rcc.o
 .debug_info    0x00005fd5      0xe98 ./Drivers/STM32U0xx_HAL_Driver/Src/stm32u0xx_hal_rcc_ex.o
 .debug_info    0x00006e6d      0xca3 ./Drivers/STM32U0xx_HAL_Driver/Src/stm32u0xx_hal_rtc.o
 .debug_info    0x00007b10     0x12fd ./Drivers/STM32U0xx_HAL_Driver/Src/stm32u0xx_hal_rtc_ex.o
 .debug_info    0x00008e0d      0xa70 ./MyDrivers/RTC/RV3028.o
 .debug_info    0x0000987d     0x130e ./Src/main.o
 .debug_info    0x0000ab8b      0xf63 ./Src/stm32u0xx_hal_msp.o
 .debug_info    0x0000baee      0x117 ./Src/stm32u0xx_it.o
 .debug_info    0x0000bc05      0x67a ./Src/system_stm32u0xx.o
 .debug_info    0x0000c27f       0x30 ./Startup/startup_stm32u073cctx.o

.debug_abbrev   0x00000000     0x21a0
 .debug_abbrev  0x00000000      0x2d0 ./Drivers/STM32U0xx_HAL_Driver/Src/stm32u0xx_hal.o
 .debug_abbrev  0x000002d0      0x2ab ./Drivers/STM32U0xx_HAL_Driver/Src/stm32u0xx_hal_cortex.o
 .debug_abbrev  0x0000057b      0x1c8 ./Drivers/STM32U0xx_HAL_Driver/Src/stm32u0xx_hal_gpio.o
 .debug_abbrev  0x00000743      0x294 ./Drivers/STM32U0xx_HAL_Driver/Src/stm32u0xx_hal_i2c.o
 .debug_abbrev  0x000009d7      0x1c0 ./Drivers/STM32U0xx_HAL_Driver/Src/stm32u0xx_hal_i2c_ex.o
 .debug_abbrev  0x00000b97      0x1c5 ./Drivers/STM32U0xx_HAL_Driver/Src/stm32u0xx_hal_pwr.o
 .debug_abbrev  0x00000d5c      0x212 ./Drivers/STM32U0xx_HAL_Driver/Src/stm32u0xx_hal_pwr_ex.o
 .debug_abbrev  0x00000f6e      0x2d8 ./Drivers/STM32U0xx_HAL_Driver/Src/stm32u0xx_hal_rcc.o
 .debug_abbrev  0x00001246      0x28d ./Drivers/STM32U0xx_HAL_Driver/Src/stm32u0xx_hal_rcc_ex.o
 .debug_abbrev  0x000014d3      0x226 ./Drivers/STM32U0xx_HAL_Driver/Src/stm32u0xx_hal_rtc.o
 .debug_abbrev  0x000016f9      0x24c ./Drivers/STM32U0xx_HAL_Driver/Src/stm32u0xx_hal_rtc_ex.o
 .debug_abbrev  0x00001945      0x1e2 ./MyDrivers/RTC/RV3028.o
 .debug_abbrev  0x00001b27      0x299 ./Src/main.o
 .debug_abbrev  0x00001dc0      0x1f9 ./Src/stm32u0xx_hal_msp.o
 .debug_abbrev  0x00001fb9       0xac ./Src/stm32u0xx_it.o
 .debug_abbrev  0x00002065      0x117 ./Src/system_stm32u0xx.o
 .debug_abbrev  0x0000217c       0x24 ./Startup/startup_stm32u073cctx.o

.debug_aranges  0x00000000      0xcb8
 .debug_aranges
                0x00000000      0x158 ./Drivers/STM32U0xx_HAL_Driver/Src/stm32u0xx_hal.o
 .debug_aranges
                0x00000158       0xe8 ./Drivers/STM32U0xx_HAL_Driver/Src/stm32u0xx_hal_cortex.o
 .debug_aranges
                0x00000240       0x60 ./Drivers/STM32U0xx_HAL_Driver/Src/stm32u0xx_hal_gpio.o
 .debug_aranges
                0x000002a0      0x2a0 ./Drivers/STM32U0xx_HAL_Driver/Src/stm32u0xx_hal_i2c.o
 .debug_aranges
                0x00000540       0x40 ./Drivers/STM32U0xx_HAL_Driver/Src/stm32u0xx_hal_i2c_ex.o
 .debug_aranges
                0x00000580       0xa0 ./Drivers/STM32U0xx_HAL_Driver/Src/stm32u0xx_hal_pwr.o
 .debug_aranges
                0x00000620      0x130 ./Drivers/STM32U0xx_HAL_Driver/Src/stm32u0xx_hal_pwr_ex.o
 .debug_aranges
                0x00000750       0x88 ./Drivers/STM32U0xx_HAL_Driver/Src/stm32u0xx_hal_rcc.o
 .debug_aranges
                0x000007d8       0xf0 ./Drivers/STM32U0xx_HAL_Driver/Src/stm32u0xx_hal_rcc_ex.o
 .debug_aranges
                0x000008c8       0xe8 ./Drivers/STM32U0xx_HAL_Driver/Src/stm32u0xx_hal_rtc.o
 .debug_aranges
                0x000009b0      0x1b8 ./Drivers/STM32U0xx_HAL_Driver/Src/stm32u0xx_hal_rtc_ex.o
 .debug_aranges
                0x00000b68       0x38 ./MyDrivers/RTC/RV3028.o
 .debug_aranges
                0x00000ba0       0x48 ./Src/main.o
 .debug_aranges
                0x00000be8       0x40 ./Src/stm32u0xx_hal_msp.o
 .debug_aranges
                0x00000c28       0x40 ./Src/stm32u0xx_it.o
 .debug_aranges
                0x00000c68       0x28 ./Src/system_stm32u0xx.o
 .debug_aranges
                0x00000c90       0x28 ./Startup/startup_stm32u073cctx.o

.debug_rnglists
                0x00000000      0x9ad
 .debug_rnglists
                0x00000000       0xfe ./Drivers/STM32U0xx_HAL_Driver/Src/stm32u0xx_hal.o
 .debug_rnglists
                0x000000fe       0xaa ./Drivers/STM32U0xx_HAL_Driver/Src/stm32u0xx_hal_cortex.o
 .debug_rnglists
                0x000001a8       0x45 ./Drivers/STM32U0xx_HAL_Driver/Src/stm32u0xx_hal_gpio.o
 .debug_rnglists
                0x000001ed      0x229 ./Drivers/STM32U0xx_HAL_Driver/Src/stm32u0xx_hal_i2c.o
 .debug_rnglists
                0x00000416       0x30 ./Drivers/STM32U0xx_HAL_Driver/Src/stm32u0xx_hal_i2c_ex.o
 .debug_rnglists
                0x00000446       0x74 ./Drivers/STM32U0xx_HAL_Driver/Src/stm32u0xx_hal_pwr.o
 .debug_rnglists
                0x000004ba       0xe6 ./Drivers/STM32U0xx_HAL_Driver/Src/stm32u0xx_hal_pwr_ex.o
 .debug_rnglists
                0x000005a0       0x68 ./Drivers/STM32U0xx_HAL_Driver/Src/stm32u0xx_hal_rcc.o
 .debug_rnglists
                0x00000608       0xba ./Drivers/STM32U0xx_HAL_Driver/Src/stm32u0xx_hal_rcc_ex.o
 .debug_rnglists
                0x000006c2       0xb4 ./Drivers/STM32U0xx_HAL_Driver/Src/stm32u0xx_hal_rtc.o
 .debug_rnglists
                0x00000776      0x151 ./Drivers/STM32U0xx_HAL_Driver/Src/stm32u0xx_hal_rtc_ex.o
 .debug_rnglists
                0x000008c7       0x26 ./MyDrivers/RTC/RV3028.o
 .debug_rnglists
                0x000008ed       0x35 ./Src/main.o
 .debug_rnglists
                0x00000922       0x2d ./Src/stm32u0xx_hal_msp.o
 .debug_rnglists
                0x0000094f       0x2b ./Src/stm32u0xx_it.o
 .debug_rnglists
                0x0000097a       0x1a ./Src/system_stm32u0xx.o
 .debug_rnglists
                0x00000994       0x19 ./Startup/startup_stm32u073cctx.o

.debug_macro    0x00000000    0x1ac65
 .debug_macro   0x00000000      0x204 ./Drivers/STM32U0xx_HAL_Driver/Src/stm32u0xx_hal.o
 .debug_macro   0x00000204      0xaae ./Drivers/STM32U0xx_HAL_Driver/Src/stm32u0xx_hal.o
 .debug_macro   0x00000cb2      0x118 ./Drivers/STM32U0xx_HAL_Driver/Src/stm32u0xx_hal.o
 .debug_macro   0x00000dca       0x2e ./Drivers/STM32U0xx_HAL_Driver/Src/stm32u0xx_hal.o
 .debug_macro   0x00000df8       0x28 ./Drivers/STM32U0xx_HAL_Driver/Src/stm32u0xx_hal.o
 .debug_macro   0x00000e20       0x22 ./Drivers/STM32U0xx_HAL_Driver/Src/stm32u0xx_hal.o
 .debug_macro   0x00000e42       0x8e ./Drivers/STM32U0xx_HAL_Driver/Src/stm32u0xx_hal.o
 .debug_macro   0x00000ed0       0x51 ./Drivers/STM32U0xx_HAL_Driver/Src/stm32u0xx_hal.o
 .debug_macro   0x00000f21      0x103 ./Drivers/STM32U0xx_HAL_Driver/Src/stm32u0xx_hal.o
 .debug_macro   0x00001024       0x6a ./Drivers/STM32U0xx_HAL_Driver/Src/stm32u0xx_hal.o
 .debug_macro   0x0000108e      0x1df ./Drivers/STM32U0xx_HAL_Driver/Src/stm32u0xx_hal.o
 .debug_macro   0x0000126d       0x1c ./Drivers/STM32U0xx_HAL_Driver/Src/stm32u0xx_hal.o
 .debug_macro   0x00001289       0x22 ./Drivers/STM32U0xx_HAL_Driver/Src/stm32u0xx_hal.o
 .debug_macro   0x000012ab       0xd1 ./Drivers/STM32U0xx_HAL_Driver/Src/stm32u0xx_hal.o
 .debug_macro   0x0000137c      0x4da ./Drivers/STM32U0xx_HAL_Driver/Src/stm32u0xx_hal.o
 .debug_macro   0x00001856      0x11f ./Drivers/STM32U0xx_HAL_Driver/Src/stm32u0xx_hal.o
 .debug_macro   0x00001975     0xf398 ./Drivers/STM32U0xx_HAL_Driver/Src/stm32u0xx_hal.o
 .debug_macro   0x00010d0d       0x6c ./Drivers/STM32U0xx_HAL_Driver/Src/stm32u0xx_hal.o
 .debug_macro   0x00010d79     0x3463 ./Drivers/STM32U0xx_HAL_Driver/Src/stm32u0xx_hal.o
 .debug_macro   0x000141dc      0x190 ./Drivers/STM32U0xx_HAL_Driver/Src/stm32u0xx_hal.o
 .debug_macro   0x0001436c       0x5a ./Drivers/STM32U0xx_HAL_Driver/Src/stm32u0xx_hal.o
 .debug_macro   0x000143c6     0x13a6 ./Drivers/STM32U0xx_HAL_Driver/Src/stm32u0xx_hal.o
 .debug_macro   0x0001576c      0x55f ./Drivers/STM32U0xx_HAL_Driver/Src/stm32u0xx_hal.o
 .debug_macro   0x00015ccb      0x1cf ./Drivers/STM32U0xx_HAL_Driver/Src/stm32u0xx_hal.o
 .debug_macro   0x00015e9a      0x177 ./Drivers/STM32U0xx_HAL_Driver/Src/stm32u0xx_hal.o
 .debug_macro   0x00016011      0x4ec ./Drivers/STM32U0xx_HAL_Driver/Src/stm32u0xx_hal.o
 .debug_macro   0x000164fd      0x280 ./Drivers/STM32U0xx_HAL_Driver/Src/stm32u0xx_hal.o
 .debug_macro   0x0001677d      0x410 ./Drivers/STM32U0xx_HAL_Driver/Src/stm32u0xx_hal.o
 .debug_macro   0x00016b8d      0x1b2 ./Drivers/STM32U0xx_HAL_Driver/Src/stm32u0xx_hal.o
 .debug_macro   0x00016d3f       0x43 ./Drivers/STM32U0xx_HAL_Driver/Src/stm32u0xx_hal.o
 .debug_macro   0x00016d82      0x1f1 ./Drivers/STM32U0xx_HAL_Driver/Src/stm32u0xx_hal.o
 .debug_macro   0x00016f73      0x1e3 ./Drivers/STM32U0xx_HAL_Driver/Src/stm32u0xx_hal.o
 .debug_macro   0x00017156      0x359 ./Drivers/STM32U0xx_HAL_Driver/Src/stm32u0xx_hal.o
 .debug_macro   0x000174af       0x2e ./Drivers/STM32U0xx_HAL_Driver/Src/stm32u0xx_hal.o
 .debug_macro   0x000174dd       0xe4 ./Drivers/STM32U0xx_HAL_Driver/Src/stm32u0xx_hal.o
 .debug_macro   0x000175c1      0x22c ./Drivers/STM32U0xx_HAL_Driver/Src/stm32u0xx_hal.o
 .debug_macro   0x000177ed       0x36 ./Drivers/STM32U0xx_HAL_Driver/Src/stm32u0xx_hal.o
 .debug_macro   0x00017823       0xa5 ./Drivers/STM32U0xx_HAL_Driver/Src/stm32u0xx_hal.o
 .debug_macro   0x000178c8      0x128 ./Drivers/STM32U0xx_HAL_Driver/Src/stm32u0xx_hal.o
 .debug_macro   0x000179f0      0x3c8 ./Drivers/STM32U0xx_HAL_Driver/Src/stm32u0xx_hal.o
 .debug_macro   0x00017db8      0x336 ./Drivers/STM32U0xx_HAL_Driver/Src/stm32u0xx_hal.o
 .debug_macro   0x000180ee      0x65f ./Drivers/STM32U0xx_HAL_Driver/Src/stm32u0xx_hal.o
 .debug_macro   0x0001874d       0xe4 ./Drivers/STM32U0xx_HAL_Driver/Src/stm32u0xx_hal.o
 .debug_macro   0x00018831      0x589 ./Drivers/STM32U0xx_HAL_Driver/Src/stm32u0xx_hal.o
 .debug_macro   0x00018dba      0x1e0 ./Drivers/STM32U0xx_HAL_Driver/Src/stm32u0xx_hal_cortex.o
 .debug_macro   0x00018f9a      0x1e6 ./Drivers/STM32U0xx_HAL_Driver/Src/stm32u0xx_hal_gpio.o
 .debug_macro   0x00019180      0x2ac ./Drivers/STM32U0xx_HAL_Driver/Src/stm32u0xx_hal_i2c.o
 .debug_macro   0x0001942c      0x1e0 ./Drivers/STM32U0xx_HAL_Driver/Src/stm32u0xx_hal_i2c_ex.o
 .debug_macro   0x0001960c      0x1fe ./Drivers/STM32U0xx_HAL_Driver/Src/stm32u0xx_hal_pwr.o
 .debug_macro   0x0001980a      0x210 ./Drivers/STM32U0xx_HAL_Driver/Src/stm32u0xx_hal_pwr_ex.o
 .debug_macro   0x00019a1a      0x216 ./Drivers/STM32U0xx_HAL_Driver/Src/stm32u0xx_hal_rcc.o
 .debug_macro   0x00019c30      0x1f2 ./Drivers/STM32U0xx_HAL_Driver/Src/stm32u0xx_hal_rcc_ex.o
 .debug_macro   0x00019e22      0x1e1 ./Drivers/STM32U0xx_HAL_Driver/Src/stm32u0xx_hal_rtc.o
 .debug_macro   0x0001a003      0x1e6 ./Drivers/STM32U0xx_HAL_Driver/Src/stm32u0xx_hal_rtc_ex.o
 .debug_macro   0x0001a1e9      0x1f8 ./MyDrivers/RTC/RV3028.o
 .debug_macro   0x0001a3e1       0x16 ./MyDrivers/RTC/RV3028.o
 .debug_macro   0x0001a3f7       0x46 ./MyDrivers/RTC/RV3028.o
 .debug_macro   0x0001a43d      0x1f8 ./Src/main.o
 .debug_macro   0x0001a635       0x40 ./Src/main.o
 .debug_macro   0x0001a675       0x1c ./Src/main.o
 .debug_macro   0x0001a691      0x1ef ./Src/stm32u0xx_hal_msp.o
 .debug_macro   0x0001a880      0x1f9 ./Src/stm32u0xx_it.o
 .debug_macro   0x0001aa79      0x1ec ./Src/system_stm32u0xx.o

.debug_line     0x00000000     0xeaad
 .debug_line    0x00000000      0xbdf ./Drivers/STM32U0xx_HAL_Driver/Src/stm32u0xx_hal.o
 .debug_line    0x00000bdf      0xbc2 ./Drivers/STM32U0xx_HAL_Driver/Src/stm32u0xx_hal_cortex.o
 .debug_line    0x000017a1      0xba0 ./Drivers/STM32U0xx_HAL_Driver/Src/stm32u0xx_hal_gpio.o
 .debug_line    0x00002341     0x3638 ./Drivers/STM32U0xx_HAL_Driver/Src/stm32u0xx_hal_i2c.o
 .debug_line    0x00005979      0x8fd ./Drivers/STM32U0xx_HAL_Driver/Src/stm32u0xx_hal_i2c_ex.o
 .debug_line    0x00006276      0x96c ./Drivers/STM32U0xx_HAL_Driver/Src/stm32u0xx_hal_pwr.o
 .debug_line    0x00006be2      0xcc2 ./Drivers/STM32U0xx_HAL_Driver/Src/stm32u0xx_hal_pwr_ex.o
 .debug_line    0x000078a4     0x10d7 ./Drivers/STM32U0xx_HAL_Driver/Src/stm32u0xx_hal_rcc.o
 .debug_line    0x0000897b     0x13dc ./Drivers/STM32U0xx_HAL_Driver/Src/stm32u0xx_hal_rcc_ex.o
 .debug_line    0x00009d57     0x104c ./Drivers/STM32U0xx_HAL_Driver/Src/stm32u0xx_hal_rtc.o
 .debug_line    0x0000ada3     0x1325 ./Drivers/STM32U0xx_HAL_Driver/Src/stm32u0xx_hal_rtc_ex.o
 .debug_line    0x0000c0c8      0x7f9 ./MyDrivers/RTC/RV3028.o
 .debug_line    0x0000c8c1      0x940 ./Src/main.o
 .debug_line    0x0000d201      0x823 ./Src/stm32u0xx_hal_msp.o
 .debug_line    0x0000da24      0x7c8 ./Src/stm32u0xx_it.o
 .debug_line    0x0000e1ec      0x846 ./Src/system_stm32u0xx.o
 .debug_line    0x0000ea32       0x7b ./Startup/startup_stm32u073cctx.o

.debug_str      0x00000000    0xabd3b
 .debug_str     0x00000000    0xabd3b ./Drivers/STM32U0xx_HAL_Driver/Src/stm32u0xx_hal.o
                              0xa8226 (size before relaxing)
 .debug_str     0x000abd3b        0x0 ./Drivers/STM32U0xx_HAL_Driver/Src/stm32u0xx_hal_cortex.o
                              0xa7e0f (size before relaxing)
 .debug_str     0x000abd3b        0x0 ./Drivers/STM32U0xx_HAL_Driver/Src/stm32u0xx_hal_gpio.o
                              0xa7a2a (size before relaxing)
 .debug_str     0x000abd3b        0x0 ./Drivers/STM32U0xx_HAL_Driver/Src/stm32u0xx_hal_i2c.o
                              0xa8cdb (size before relaxing)
 .debug_str     0x000abd3b        0x0 ./Drivers/STM32U0xx_HAL_Driver/Src/stm32u0xx_hal_i2c_ex.o
                              0xa7e52 (size before relaxing)
 .debug_str     0x000abd3b        0x0 ./Drivers/STM32U0xx_HAL_Driver/Src/stm32u0xx_hal_pwr.o
                              0xa7cb1 (size before relaxing)
 .debug_str     0x000abd3b        0x0 ./Drivers/STM32U0xx_HAL_Driver/Src/stm32u0xx_hal_pwr_ex.o
                              0xa7e8f (size before relaxing)
 .debug_str     0x000abd3b        0x0 ./Drivers/STM32U0xx_HAL_Driver/Src/stm32u0xx_hal_rcc.o
                              0xa8145 (size before relaxing)
 .debug_str     0x000abd3b        0x0 ./Drivers/STM32U0xx_HAL_Driver/Src/stm32u0xx_hal_rcc_ex.o
                              0xa81f7 (size before relaxing)
 .debug_str     0x000abd3b        0x0 ./Drivers/STM32U0xx_HAL_Driver/Src/stm32u0xx_hal_rtc.o
                              0xa7e10 (size before relaxing)
 .debug_str     0x000abd3b        0x0 ./Drivers/STM32U0xx_HAL_Driver/Src/stm32u0xx_hal_rtc_ex.o
                              0xa839a (size before relaxing)
 .debug_str     0x000abd3b        0x0 ./MyDrivers/RTC/RV3028.o
                              0xa804a (size before relaxing)
 .debug_str     0x000abd3b        0x0 ./Src/main.o
                              0xa85d8 (size before relaxing)
 .debug_str     0x000abd3b        0x0 ./Src/stm32u0xx_hal_msp.o
                              0xa838c (size before relaxing)
 .debug_str     0x000abd3b        0x0 ./Src/stm32u0xx_it.o
                              0xa7906 (size before relaxing)
 .debug_str     0x000abd3b        0x0 ./Src/system_stm32u0xx.o
                              0xa7a6f (size before relaxing)
 .debug_str     0x000abd3b        0x0 ./Startup/startup_stm32u073cctx.o
                                 0x7c (size before relaxing)

.comment        0x00000000       0x43
 .comment       0x00000000       0x43 ./Drivers/STM32U0xx_HAL_Driver/Src/stm32u0xx_hal.o
                                 0x44 (size before relaxing)
 .comment       0x00000043        0x0 ./Drivers/STM32U0xx_HAL_Driver/Src/stm32u0xx_hal_cortex.o
                                 0x44 (size before relaxing)
 .comment       0x00000043        0x0 ./Drivers/STM32U0xx_HAL_Driver/Src/stm32u0xx_hal_gpio.o
                                 0x44 (size before relaxing)
 .comment       0x00000043        0x0 ./Drivers/STM32U0xx_HAL_Driver/Src/stm32u0xx_hal_i2c.o
                                 0x44 (size before relaxing)
 .comment       0x00000043        0x0 ./Drivers/STM32U0xx_HAL_Driver/Src/stm32u0xx_hal_i2c_ex.o
                                 0x44 (size before relaxing)
 .comment       0x00000043        0x0 ./Drivers/STM32U0xx_HAL_Driver/Src/stm32u0xx_hal_pwr.o
                                 0x44 (size before relaxing)
 .comment       0x00000043        0x0 ./Drivers/STM32U0xx_HAL_Driver/Src/stm32u0xx_hal_pwr_ex.o
                                 0x44 (size before relaxing)
 .comment       0x00000043        0x0 ./Drivers/STM32U0xx_HAL_Driver/Src/stm32u0xx_hal_rcc.o
                                 0x44 (size before relaxing)
 .comment       0x00000043        0x0 ./Drivers/STM32U0xx_HAL_Driver/Src/stm32u0xx_hal_rcc_ex.o
                                 0x44 (size before relaxing)
 .comment       0x00000043        0x0 ./Drivers/STM32U0xx_HAL_Driver/Src/stm32u0xx_hal_rtc.o
                                 0x44 (size before relaxing)
 .comment       0x00000043        0x0 ./Drivers/STM32U0xx_HAL_Driver/Src/stm32u0xx_hal_rtc_ex.o
                                 0x44 (size before relaxing)
 .comment       0x00000043        0x0 ./MyDrivers/RTC/RV3028.o
                                 0x44 (size before relaxing)
 .comment       0x00000043        0x0 ./Src/main.o
                                 0x44 (size before relaxing)
 .comment       0x00000043        0x0 ./Src/stm32u0xx_hal_msp.o
                                 0x44 (size before relaxing)
 .comment       0x00000043        0x0 ./Src/stm32u0xx_it.o
                                 0x44 (size before relaxing)
 .comment       0x00000043        0x0 ./Src/system_stm32u0xx.o
                                 0x44 (size before relaxing)

.debug_frame    0x00000000     0x2c98
 .debug_frame   0x00000000      0x4a8 ./Drivers/STM32U0xx_HAL_Driver/Src/stm32u0xx_hal.o
 .debug_frame   0x000004a8      0x33c ./Drivers/STM32U0xx_HAL_Driver/Src/stm32u0xx_hal_cortex.o
 .debug_frame   0x000007e4      0x130 ./Drivers/STM32U0xx_HAL_Driver/Src/stm32u0xx_hal_gpio.o
 .debug_frame   0x00000914      0xa68 ./Drivers/STM32U0xx_HAL_Driver/Src/stm32u0xx_hal_i2c.o
 .debug_frame   0x0000137c       0xb0 ./Drivers/STM32U0xx_HAL_Driver/Src/stm32u0xx_hal_i2c_ex.o
 .debug_frame   0x0000142c      0x200 ./Drivers/STM32U0xx_HAL_Driver/Src/stm32u0xx_hal_pwr.o
 .debug_frame   0x0000162c      0x414 ./Drivers/STM32U0xx_HAL_Driver/Src/stm32u0xx_hal_pwr_ex.o
 .debug_frame   0x00001a40      0x1c4 ./Drivers/STM32U0xx_HAL_Driver/Src/stm32u0xx_hal_rcc.o
 .debug_frame   0x00001c04      0x34c ./Drivers/STM32U0xx_HAL_Driver/Src/stm32u0xx_hal_rcc_ex.o
 .debug_frame   0x00001f50      0x354 ./Drivers/STM32U0xx_HAL_Driver/Src/stm32u0xx_hal_rtc.o
 .debug_frame   0x000022a4      0x690 ./Drivers/STM32U0xx_HAL_Driver/Src/stm32u0xx_hal_rtc_ex.o
 .debug_frame   0x00002934       0x94 ./MyDrivers/RTC/RV3028.o
 .debug_frame   0x000029c8       0xc8 ./Src/main.o
 .debug_frame   0x00002a90       0xb0 ./Src/stm32u0xx_hal_msp.o
 .debug_frame   0x00002b40       0x9c ./Src/stm32u0xx_it.o
 .debug_frame   0x00002bdc       0x50 ./Src/system_stm32u0xx.o
 .debug_frame   0x00002c2c       0x20 C:/ST/STM32CubeIDE_2.0.0/STM32CubeIDE/plugins/com.st.stm32cube.ide.mcu.externaltools.gnu-tools-for-stm32.13.3.rel1.win32_1.0.100.202509120712/tools/bin/../lib/gcc/arm-none-eabi/13.3.1/../../../../arm-none-eabi/lib/thumb/v6-m/nofp\libc_nano.a(libc_a-memset.o)
 .debug_frame   0x00002c4c       0x2c C:/ST/STM32CubeIDE_2.0.0/STM32CubeIDE/plugins/com.st.stm32cube.ide.mcu.externaltools.gnu-tools-for-stm32.13.3.rel1.win32_1.0.100.202509120712/tools/bin/../lib/gcc/arm-none-eabi/13.3.1/../../../../arm-none-eabi/lib/thumb/v6-m/nofp\libc_nano.a(libc_a-init.o)
 .debug_frame   0x00002c78       0x20 C:/ST/STM32CubeIDE_2.0.0/STM32CubeIDE/plugins/com.st.stm32cube.ide.mcu.externaltools.gnu-tools-for-stm32.13.3.rel1.win32_1.0.100.202509120712/tools/bin/../lib/gcc/arm-none-eabi/13.3.1/thumb/v6-m/nofp\libgcc.a(_udivsi3.o)

.debug_line_str
                0x00000000       0x60
 .debug_line_str
                0x00000000       0x60 ./Startup/startup_stm32u073cctx.o
