../MyDrivers/EPDs/EPD/Display_EPD_W21.c:12:6:delay_xms	16	static
../MyDrivers/EPDs/EPD/Display_EPD_W21.c:25:6:lcd_chkstatus	8	static
../MyDrivers/EPDs/EPD/Display_EPD_W21.c:32:6:EPD_Init	8	static
../MyDrivers/EPDs/EPD/Display_EPD_W21.c:45:6:EPD_Init_Fast	8	static
../MyDrivers/EPDs/EPD/Display_EPD_W21.c:63:6:EPD_Init_Part	8	static
../MyDrivers/EPDs/EPD/Display_EPD_W21.c:83:6:EPD_Init_4G	8	static
../MyDrivers/EPDs/EPD/Display_EPD_W21.c:103:6:EPD_DeepSleep	8	static
../MyDrivers/EPDs/EPD/Display_EPD_W21.c:111:6:Power_off	8	static
../MyDrivers/EPDs/EPD/Display_EPD_W21.c:117:6:EPD_Update	8	static
../MyDrivers/EPDs/EPD/Display_EPD_W21.c:124:6:EPD_WhiteScreen_ALL	24	static
../MyDrivers/EPDs/EPD/Display_EPD_W21.c:144:6:EPD_WhiteScreen_White	16	static
../MyDrivers/EPDs/EPD/Display_EPD_W21.c:163:6:EPD_WhiteScreen_Black	16	static
../MyDrivers/EPDs/EPD/Display_EPD_W21.c:182:6:EPD_SetRAMValue_BaseMap	24	static
../MyDrivers/EPDs/EPD/Display_EPD_W21.c:200:6:EPD_Dis_Part	40	static
../MyDrivers/EPDs/EPD/Display_EPD_W21.c:250:6:EPD_Dis_PartAll	24	static
../MyDrivers/EPDs/EPD/Display_EPD_W21.c:273:6:EPD_Dis_Part_RAM	40	static
../MyDrivers/EPDs/EPD/Display_EPD_W21.c:354:6:EPD_Dis_Part_Time	48	static
../MyDrivers/EPDs/EPD/Display_EPD_W21.c:368:6:EPD_Init_180	8	static
../MyDrivers/EPDs/EPD/Display_EPD_W21.c:388:6:EPD_Init_GUI	8	static
../MyDrivers/EPDs/EPD/Display_EPD_W21.c:405:6:EPD_Display	32	static
../MyDrivers/EPDs/EPD/Display_EPD_W21.c:436:6:EPD_WhiteScreen_ALL_4G	32	static
