../MyDrivers/EPD/GDEY037T03.c:28:6:EPD_wait_busy	8	static
../MyDrivers/EPD/GDEY037T03.c:36:19:EPD_write_command	32	static
../MyDrivers/EPD/GDEY037T03.c:49:19:EPD_write_data	40	static
../MyDrivers/EPD/GDEY037T03.c:66:19:EPD_write_command_data	48	static
../MyDrivers/EPD/GDEY037T03.c:74:19:EPD_set_power	32	static
../MyDrivers/EPD/GDEY037T03.c:83:19:EPD_deepsleep	32	static
../MyDrivers/EPD/GDEY037T03.c:93:6:EPD_reset	16	static
../MyDrivers/EPD/GDEY037T03.c:103:19:EPD_wakeup	32	static
../MyDrivers/EPD/GDEY037T03.c:112:19:EPD_set_border	32	static
../MyDrivers/EPD/GDEY037T03.c:123:19:EPD_refresh	32	static
../MyDrivers/EPD/GDEY037T03.c:135:16:fill_byte	16	static
../MyDrivers/EPD/GDEY037T03.c:149:19:EPD_fill_screen	32	static
