../MyDrivers/EPD/EPD/Display_EPD_W21.c:13:6:delay_xms	16	static
../MyDrivers/EPD/EPD/Display_EPD_W21.c:26:6:lcd_chkstatus	8	static
../MyDrivers/EPD/EPD/Display_EPD_W21.c:33:6:EPD_Init	8	static
../MyDrivers/EPD/EPD/Display_EPD_W21.c:46:6:EPD_Init_Fast	8	static
../MyDrivers/EPD/EPD/Display_EPD_W21.c:64:6:EPD_Init_Part	8	static
../MyDrivers/EPD/EPD/Display_EPD_W21.c:84:6:EPD_Init_4G	8	static
../MyDrivers/EPD/EPD/Display_EPD_W21.c:104:6:EPD_DeepSleep	8	static
../MyDrivers/EPD/EPD/Display_EPD_W21.c:112:6:Power_off	8	static
../MyDrivers/EPD/EPD/Display_EPD_W21.c:118:6:EPD_Update	8	static
../MyDrivers/EPD/EPD/Display_EPD_W21.c:125:6:EPD_WhiteScreen_ALL	24	static
../MyDrivers/EPD/EPD/Display_EPD_W21.c:145:6:EPD_WhiteScreen_White	16	static
../MyDrivers/EPD/EPD/Display_EPD_W21.c:164:6:EPD_WhiteScreen_Black	16	static
../MyDrivers/EPD/EPD/Display_EPD_W21.c:183:6:EPD_SetRAMValue_BaseMap	24	static
../MyDrivers/EPD/EPD/Display_EPD_W21.c:201:6:EPD_Dis_Part	40	static
../MyDrivers/EPD/EPD/Display_EPD_W21.c:251:6:EPD_Dis_PartAll	24	static
../MyDrivers/EPD/EPD/Display_EPD_W21.c:274:6:EPD_Dis_Part_RAM	40	static
../MyDrivers/EPD/EPD/Display_EPD_W21.c:355:6:EPD_Dis_Part_Time	56	static
../MyDrivers/EPD/EPD/Display_EPD_W21.c:369:6:EPD_Init_180	8	static
../MyDrivers/EPD/EPD/Display_EPD_W21.c:389:6:EPD_Init_GUI	8	static
../MyDrivers/EPD/EPD/Display_EPD_W21.c:406:6:EPD_Display	32	static
../MyDrivers/EPD/EPD/Display_EPD_W21.c:437:6:EPD_WhiteScreen_ALL_4G	32	static
