../MyDrivers/EPD/EPD/Display_EPD_W21.c:13:6:delay_xms	16	static
../MyDrivers/EPD/EPD/Display_EPD_W21.c:26:6:lcd_chkstatus	8	static
../MyDrivers/EPD/EPD/Display_EPD_W21.c:33:6:EPD_Init	8	static
../MyDrivers/EPD/EPD/Display_EPD_W21.c:48:6:EPD_Init_Black_Border	8	static
../MyDrivers/EPD/EPD/Display_EPD_W21.c:62:6:EPD_Init_Fast	8	static
../MyDrivers/EPD/EPD/Display_EPD_W21.c:80:6:EPD_Init_Part	8	static
../MyDrivers/EPD/EPD/Display_EPD_W21.c:100:6:EPD_Init_4G	8	static
../MyDrivers/EPD/EPD/Display_EPD_W21.c:120:6:EPD_DeepSleep	8	static
../MyDrivers/EPD/EPD/Display_EPD_W21.c:128:6:Power_off	8	static
../MyDrivers/EPD/EPD/Display_EPD_W21.c:134:6:EPD_Update	8	static
../MyDrivers/EPD/EPD/Display_EPD_W21.c:141:6:EPD_WhiteScreen_ALL	24	static
../MyDrivers/EPD/EPD/Display_EPD_W21.c:161:6:EPD_WhiteScreen_White	16	static
../MyDrivers/EPD/EPD/Display_EPD_W21.c:180:6:EPD_WhiteScreen_Black	16	static
../MyDrivers/EPD/EPD/Display_EPD_W21.c:199:6:EPD_SetRAMValue_BaseMap	24	static
../MyDrivers/EPD/EPD/Display_EPD_W21.c:217:6:EPD_Dis_Part	40	static
../MyDrivers/EPD/EPD/Display_EPD_W21.c:267:6:EPD_Dis_PartAll	24	static
../MyDrivers/EPD/EPD/Display_EPD_W21.c:290:6:EPD_Dis_Part_RAM	40	static
../MyDrivers/EPD/EPD/Display_EPD_W21.c:371:6:EPD_Dis_Part_Time	56	static
../MyDrivers/EPD/EPD/Display_EPD_W21.c:385:6:EPD_Init_180	8	static
../MyDrivers/EPD/EPD/Display_EPD_W21.c:405:6:EPD_Init_GUI	8	static
../MyDrivers/EPD/EPD/Display_EPD_W21.c:422:6:EPD_Display	32	static
../MyDrivers/EPD/EPD/Display_EPD_W21.c:453:6:EPD_WhiteScreen_ALL_4G	32	static
../MyDrivers/EPD/EPD/Display_EPD_W21.c:535:6:EPD_refresh	8	static
