../Drivers/Eink/GUI/GUI_Paint.c:94:6:Paint_NewImage	24	static
../Drivers/Eink/GUI/GUI_Paint.c:126:6:Paint_SelectImage	16	static
../Drivers/Eink/GUI/GUI_Paint.c:136:6:Paint_SetRotate	16	static
../Drivers/Eink/GUI/GUI_Paint.c:146:6:Paint_SetScale	16	static
../Drivers/Eink/GUI/GUI_Paint.c:167:6:Paint_SetMirroring	16	static
../Drivers/Eink/GUI/GUI_Paint.c:186:6:Paint_SetPixel	48	static
../Drivers/Eink/GUI/GUI_Paint.c:265:6:Paint_Clear	40	static
../Drivers/Eink/GUI/GUI_Paint.c:300:6:Paint_ClearWindows	32	static
../Drivers/Eink/GUI/GUI_Paint.c:319:6:Paint_DrawPoint	32	static
../Drivers/Eink/GUI/GUI_Paint.c:359:6:Paint_DrawLine	64	static
../Drivers/Eink/GUI/GUI_Paint.c:417:6:Paint_DrawRectangle	48	static
../Drivers/Eink/GUI/GUI_Paint.c:450:6:Paint_DrawCircle	40	static
../Drivers/Eink/GUI/GUI_Paint.c:519:6:Paint_DrawChar	40	static
../Drivers/Eink/GUI/GUI_Paint.c:568:6:Paint_DrawString_EN	40	static
../Drivers/Eink/GUI/GUI_Paint.c:613:6:Paint_DrawString_CN	56	static
../Drivers/Eink/GUI/GUI_Paint.c:709:6:Paint_DrawNum	560	static
../Drivers/Eink/GUI/GUI_Paint.c:752:6:Paint_DrawNumDecimals	584	static
../Drivers/Eink/GUI/GUI_Paint.c:811:6:Paint_DrawTime	48	static
../Drivers/Eink/GUI/GUI_Paint.c:837:6:Paint_DrawBitMap	24	static
../Drivers/Eink/GUI/GUI_Paint.c:862:6:Paint_DrawBitMap_Paste	40	static
../Drivers/Eink/GUI/GUI_Paint.c:956:6:Paint_DrawBitMap_Block	24	static
